2026-04-17 17:35:18,483 [INFO] DGRL-Trainer: Dataset loaded: 50000 flows from /home/hung8uandj/Study/CoreRouter/src/analytics/../../data/real_telecom_combined.csv
2026-04-17 17:35:18,616 [INFO] DGRL-Trainer: Dataset loaded: 50000 flows from /home/hung8uandj/Study/CoreRouter/src/analytics/../../data/real_telecom_combined.csv
2026-04-17 17:35:19,499 [INFO] DGRL-Trainer: Số tham số GNN Policy: 570,139
2026-04-17 17:35:19,499 [INFO] DGRL-Trainer: Bắt đầu huấn luyện 1,000,000 timesteps...
=================================================================
  JO-VDPR DGRL — Deep Graph Reinforcement Learning (Phase 4)
  Kiến trúc: Graph Attention Network → Actor-Critic (PPO)
=================================================================
Using cpu device
Wrapping the env in a DummyVecEnv.
Logging to /home/hung8uandj/Study/CoreRouter/src/analytics/../../results/logs/dgrl/PPO_1
----------------------------------
| rollout/           |           |
|    ep_len_mean     | 100       |
|    ep_rew_mean     | -1.67e+04 |
| time/              |           |
|    fps             | 291       |
|    iterations      | 1         |
|    time_elapsed    | 7         |
|    total_timesteps | 2048      |
----------------------------------
-----------------------------------------
| rollout/                |             |
|    ep_len_mean          | 100         |
|    ep_rew_mean          | -1.7e+04    |
| time/                   |             |
|    fps                  | 111         |
|    iterations           | 2           |
|    time_elapsed         | 36          |
|    total_timesteps      | 4096        |
| train/                  |             |
|    approx_kl            | 0.008784331 |
|    clip_fraction        | 0.0196      |
|    clip_range           | 0.2         |
|    entropy_loss         | -3.22       |
|    explained_variance   | -4.05e-06   |
|    learning_rate        | 0.00025     |
|    loss                 | 2.88e+06    |
|    n_updates            | 10          |
|    policy_gradient_loss | -0.00816    |
|    value_loss           | 6.73e+06    |
-----------------------------------------
-----------------------------------------
| rollout/                |             |
|    ep_len_mean          | 100         |
|    ep_rew_mean          | -1.63e+04   |
| time/                   |             |
|    fps                  | 91          |
|    iterations           | 3           |
|    time_elapsed         | 67          |
|    total_timesteps      | 6144        |
| train/                  |             |
|    approx_kl            | 0.007834042 |
|    clip_fraction        | 0.0148      |
|    clip_range           | 0.2         |
|    entropy_loss         | -3.2        |
|    explained_variance   | 1.79e-07    |
|    learning_rate        | 0.00025     |
|    loss                 | 3.62e+06    |
|    n_updates            | 20          |
|    policy_gradient_loss | -0.00719    |
|    value_loss           | 7.27e+06    |
-----------------------------------------
-----------------------------------------
| rollout/                |             |
|    ep_len_mean          | 100         |
|    ep_rew_mean          | -1.58e+04   |
| time/                   |             |
|    fps                  | 88          |
|    iterations           | 4           |
|    time_elapsed         | 92          |
|    total_timesteps      | 8192        |
| train/                  |             |
|    approx_kl            | 0.007842822 |
|    clip_fraction        | 0.0336      |
|    clip_range           | 0.2         |
|    entropy_loss         | -3.18       |
|    explained_variance   | -3.58e-07   |
|    learning_rate        | 0.00025     |
|    loss                 | 2.81e+06    |
|    n_updates            | 30          |
|    policy_gradient_loss | -0.00878    |
|    value_loss           | 5.76e+06    |
-----------------------------------------
-----------------------------------------
| rollout/                |             |
|    ep_len_mean          | 100         |
|    ep_rew_mean          | -1.54e+04   |
| time/                   |             |
|    fps                  | 82          |
|    iterations           | 5           |
|    time_elapsed         | 123         |
|    total_timesteps      | 10240       |
| train/                  |             |
|    approx_kl            | 0.008644132 |
|    clip_fraction        | 0.0432      |
|    clip_range           | 0.2         |
|    entropy_loss         | -3.14       |
|    explained_variance   | 0           |
|    learning_rate        | 0.00025     |
|    loss                 | 2.75e+06    |
|    n_updates            | 40          |
|    policy_gradient_loss | -0.0122     |
|    value_loss           | 5.53e+06    |
-----------------------------------------
-----------------------------------------
| rollout/                |             |
|    ep_len_mean          | 100         |
|    ep_rew_mean          | -1.45e+04   |
| time/                   |             |
|    fps                  | 80          |
|    iterations           | 6           |
|    time_elapsed         | 152         |
|    total_timesteps      | 12288       |
| train/                  |             |
|    approx_kl            | 0.006952614 |
|    clip_fraction        | 0.0287      |
|    clip_range           | 0.2         |
|    entropy_loss         | -3.09       |
|    explained_variance   | 0           |
|    learning_rate        | 0.00025     |
|    loss                 | 2.43e+06    |
|    n_updates            | 50          |
|    policy_gradient_loss | -0.00836    |
|    value_loss           | 4.75e+06    |
-----------------------------------------
------------------------------------------
| rollout/                |              |
|    ep_len_mean          | 100          |
|    ep_rew_mean          | -1.34e+04    |
| time/                   |              |
|    fps                  | 76           |
|    iterations           | 7            |
|    time_elapsed         | 186          |
|    total_timesteps      | 14336        |
| train/                  |              |
|    approx_kl            | 0.0053102565 |
|    clip_fraction        | 0.0154       |
|    clip_range           | 0.2          |
|    entropy_loss         | -3.05        |
|    explained_variance   | 5.96e-08     |
|    learning_rate        | 0.00025      |
|    loss                 | 1.8e+06      |
|    n_updates            | 60           |
|    policy_gradient_loss | -0.00594     |
|    value_loss           | 3.96e+06     |
------------------------------------------
----------------------------------------
| rollout/                |            |
|    ep_len_mean          | 100        |
|    ep_rew_mean          | -1.24e+04  |
| time/                   |            |
|    fps                  | 72         |
|    iterations           | 8          |
|    time_elapsed         | 226        |
|    total_timesteps      | 16384      |
| train/                  |            |
|    approx_kl            | 0.00586809 |
|    clip_fraction        | 0.0329     |
|    clip_range           | 0.2        |
|    entropy_loss         | -3.02      |
|    explained_variance   | 5.96e-08   |
|    learning_rate        | 0.00025    |
|    loss                 | 1.92e+06   |
|    n_updates            | 70         |
|    policy_gradient_loss | -0.00884   |
|    value_loss           | 3.47e+06   |
----------------------------------------
-----------------------------------------
| rollout/                |             |
|    ep_len_mean          | 100         |
|    ep_rew_mean          | -1.14e+04   |
| time/                   |             |
|    fps                  | 68          |
|    iterations           | 9           |
|    time_elapsed         | 269         |
|    total_timesteps      | 18432       |
| train/                  |             |
|    approx_kl            | 0.008369092 |
|    clip_fraction        | 0.0176      |
|    clip_range           | 0.2         |
|    entropy_loss         | -2.98       |
|    explained_variance   | -1.19e-07   |
|    learning_rate        | 0.00025     |
|    loss                 | 1.57e+06    |
|    n_updates            | 80          |
|    policy_gradient_loss | -0.0077     |
|    value_loss           | 3e+06       |
-----------------------------------------
