============================================================================
  JO-VDPR DGRL Phase 9 — Physics-Aware Latency + Global Context GNN
  Topology  : 10 DC Nodes (Hà Nội → Cần Thơ, Haversine geodesic)
  Latency   : 4-component model: D_prop + D_srv6 + D_queue_v1 + D_queue_v2
  GNN       : GAT v4 + Global Context Encoder (53-dim obs)
  Reward    : Adaptive λ (target 3% SLA viol) + Knapsack + Cosine entropy
  Training  : 1,500,000 steps × 10 envs = 15,000,000 total sims
============================================================================
2026-04-24 19:23:23,301 [INFO] DGRL-v9: Training 1,500,000 timesteps (Phase 9)...
2026-04-24 19:23:23,301 [INFO] DGRL-v9: Obs space: 53 dims
2026-04-24 19:23:23,302 [INFO] DGRL-v9: Action space: MultiDiscrete([10 10])
Using cpu device
Logging to /home/hung8uandj/Study/CoreRouter/src/analytics/../../results/logs/dgrl_v9/MaskablePPO_1
2026-04-24 19:23:32,706 [INFO] DGRL-v9: [AdaptivePenalty] step=5,120 | viol_rate=0.000 (target=0.03) | λ: -50.0 → -49.8
---------------------------------
| rollout/           |          |
|    ep_len_mean     | 100      |
|    ep_rew_mean     | 1.02e+04 |
| time/              |          |
|    fps             | 543      |
|    iterations      | 1        |
|    time_elapsed    | 9        |
|    total_timesteps | 5120     |
---------------------------------
2026-04-24 19:24:42,141 [INFO] DGRL-v9: [AdaptivePenalty] step=10,240 | viol_rate=0.000 (target=0.03) | λ: -49.8 → -49.5
-----------------------------------------
| rollout/                |             |
|    ep_len_mean          | 100         |
|    ep_rew_mean          | 1.02e+04    |
| time/                   |             |
|    fps                  | 129         |
|    iterations           | 2           |
|    time_elapsed         | 78          |
|    total_timesteps      | 10240       |
| train/                  |             |
|    approx_kl            | 0.009089782 |
|    clip_fraction        | 0.0812      |
|    clip_range           | 0.2         |
|    entropy_loss         | -4.24       |
|    explained_variance   | -0.169      |
|    learning_rate        | 0.0002      |
|    loss                 | 0.0631      |
|    n_updates            | 10          |
|    policy_gradient_loss | -0.015      |
|    value_loss           | 0.545       |
-----------------------------------------
2026-04-24 19:25:55,065 [INFO] DGRL-v9: [AdaptivePenalty] step=15,360 | viol_rate=0.000 (target=0.03) | λ: -49.5 → -49.3
-----------------------------------------
| rollout/                |             |
|    ep_len_mean          | 100         |
|    ep_rew_mean          | 1.02e+04    |
| time/                   |             |
|    fps                  | 101         |
|    iterations           | 3           |
|    time_elapsed         | 151         |
|    total_timesteps      | 15360       |
| train/                  |             |
|    approx_kl            | 0.011209728 |
|    clip_fraction        | 0.0997      |
|    clip_range           | 0.2         |
|    entropy_loss         | -4.23       |
|    explained_variance   | -0.292      |
|    learning_rate        | 0.0002      |
|    loss                 | -0.0736     |
|    n_updates            | 20          |
|    policy_gradient_loss | -0.0265     |
|    value_loss           | 0.161       |
-----------------------------------------
2026-04-24 19:27:05,591 [INFO] DGRL-v9: [AdaptivePenalty] step=20,480 | viol_rate=0.000 (target=0.03) | λ: -49.3 → -49.0
-----------------------------------------
| rollout/                |             |
|    ep_len_mean          | 100         |
|    ep_rew_mean          | 1.02e+04    |
| time/                   |             |
|    fps                  | 92          |
|    iterations           | 4           |
|    time_elapsed         | 222         |
|    total_timesteps      | 20480       |
| train/                  |             |
|    approx_kl            | 0.012758766 |
|    clip_fraction        | 0.127       |
|    clip_range           | 0.2         |
|    entropy_loss         | -4.2        |
|    explained_variance   | 0.214       |
|    learning_rate        | 0.0002      |
|    loss                 | -0.0577     |
|    n_updates            | 30          |
|    policy_gradient_loss | -0.0307     |
|    value_loss           | 0.164       |
-----------------------------------------
2026-04-24 19:28:06,366 [INFO] DGRL-v9: [AdaptivePenalty] step=25,600 | viol_rate=0.000 (target=0.03) | λ: -49.0 → -48.8
-----------------------------------------
| rollout/                |             |
|    ep_len_mean          | 100         |
|    ep_rew_mean          | 1.02e+04    |
| time/                   |             |
|    fps                  | 90          |
|    iterations           | 5           |
|    time_elapsed         | 283         |
|    total_timesteps      | 25600       |
| train/                  |             |
|    approx_kl            | 0.015565984 |
|    clip_fraction        | 0.174       |
|    clip_range           | 0.2         |
|    entropy_loss         | -4.19       |
|    explained_variance   | 0.212       |
|    learning_rate        | 0.0002      |
|    loss                 | -0.0988     |
|    n_updates            | 40          |
|    policy_gradient_loss | -0.0392     |
|    value_loss           | 0.156       |
-----------------------------------------
2026-04-24 19:29:07,671 [INFO] DGRL-v9: [AdaptivePenalty] step=30,720 | viol_rate=0.000 (target=0.03) | λ: -48.8 → -48.6
-----------------------------------------
| rollout/                |             |
|    ep_len_mean          | 100         |
|    ep_rew_mean          | 1.01e+04    |
| time/                   |             |
|    fps                  | 89          |
|    iterations           | 6           |
|    time_elapsed         | 344         |
|    total_timesteps      | 30720       |
| train/                  |             |
|    approx_kl            | 0.018537888 |
|    clip_fraction        | 0.201       |
|    clip_range           | 0.2         |
|    entropy_loss         | -4.18       |
|    explained_variance   | 0.253       |
|    learning_rate        | 0.0002      |
|    loss                 | -0.0859     |
|    n_updates            | 50          |
|    policy_gradient_loss | -0.0446     |
|    value_loss           | 0.178       |
-----------------------------------------
2026-04-24 19:30:14,072 [INFO] DGRL-v9: [AdaptivePenalty] step=35,840 | viol_rate=0.000 (target=0.03) | λ: -48.6 → -48.3
----------------------------------------
| rollout/                |            |
|    ep_len_mean          | 100        |
|    ep_rew_mean          | 1.02e+04   |
| time/                   |            |
|    fps                  | 87         |
|    iterations           | 7          |
|    time_elapsed         | 410        |
|    total_timesteps      | 35840      |
| train/                  |            |
|    approx_kl            | 0.02141219 |
|    clip_fraction        | 0.24       |
|    clip_range           | 0.2        |
|    entropy_loss         | -4.18      |
|    explained_variance   | 0.214      |
|    learning_rate        | 0.0002     |
|    loss                 | -0.0875    |
|    n_updates            | 60         |
|    policy_gradient_loss | -0.0456    |
|    value_loss           | 0.174      |
----------------------------------------
Eval num_timesteps=40000, episode_reward=9569.71 +/- 241.08
Episode length: 100.00 +/- 0.00
-----------------------------------------
| eval/                   |             |
|    mean_ep_length       | 100         |
|    mean_reward          | 9.57e+03    |
| time/                   |             |
|    total_timesteps      | 40000       |
| train/                  |             |
|    approx_kl            | 0.022570407 |
|    clip_fraction        | 0.255       |
|    clip_range           | 0.2         |
|    entropy_loss         | -4.16       |
|    explained_variance   | 0.27        |
|    learning_rate        | 0.0002      |
|    loss                 | -0.101      |
|    n_updates            | 70          |
|    policy_gradient_loss | -0.0479     |
|    value_loss           | 0.183       |
-----------------------------------------
2026-04-24 19:31:44,682 [INFO] DGRL-v9: [AdaptivePenalty] step=40,960 | viol_rate=0.000 (target=0.03) | λ: -48.3 → -48.1
New best mean reward!
---------------------------------
| rollout/           |          |
|    ep_len_mean     | 100      |
|    ep_rew_mean     | 1.02e+04 |
| time/              |          |
|    fps             | 81       |
|    iterations      | 8        |
|    time_elapsed    | 501      |
|    total_timesteps | 40960    |
---------------------------------
2026-04-24 19:32:43,216 [INFO] DGRL-v9: [AdaptivePenalty] step=46,080 | viol_rate=0.000 (target=0.03) | λ: -48.1 → -47.8
-----------------------------------------
| rollout/                |             |
|    ep_len_mean          | 100         |
|    ep_rew_mean          | 1.02e+04    |
| time/                   |             |
|    fps                  | 82          |
|    iterations           | 9           |
|    time_elapsed         | 559         |
|    total_timesteps      | 46080       |
| train/                  |             |
|    approx_kl            | 0.023609044 |
|    clip_fraction        | 0.268       |
|    clip_range           | 0.2         |
|    entropy_loss         | -4.14       |
|    explained_variance   | 0.387       |
|    learning_rate        | 0.0002      |
|    loss                 | -0.0992     |
|    n_updates            | 80          |
|    policy_gradient_loss | -0.0497     |
|    value_loss           | 0.171       |
-----------------------------------------
2026-04-24 19:33:44,243 [INFO] DGRL-v9: [AdaptivePenalty] step=51,200 | viol_rate=0.000 (target=0.03) | λ: -47.8 → -47.6
----------------------------------------
| rollout/                |            |
|    ep_len_mean          | 100        |
|    ep_rew_mean          | 1.02e+04   |
| time/                   |            |
|    fps                  | 82         |
|    iterations           | 10         |
|    time_elapsed         | 620        |
|    total_timesteps      | 51200      |
| train/                  |            |
|    approx_kl            | 0.02690528 |
|    clip_fraction        | 0.3        |
|    clip_range           | 0.2        |
|    entropy_loss         | -4.15      |
|    explained_variance   | 0.396      |
|    learning_rate        | 0.0002     |
|    loss                 | -0.106     |
|    n_updates            | 90         |
|    policy_gradient_loss | -0.0528    |
|    value_loss           | 0.166      |
----------------------------------------
2026-04-24 19:34:46,164 [INFO] DGRL-v9: [AdaptivePenalty] step=56,320 | viol_rate=0.000 (target=0.03) | λ: -47.6 → -47.4
-----------------------------------------
| rollout/                |             |
|    ep_len_mean          | 100         |
|    ep_rew_mean          | 1.02e+04    |
| time/                   |             |
|    fps                  | 82          |
|    iterations           | 11          |
|    time_elapsed         | 682         |
|    total_timesteps      | 56320       |
| train/                  |             |
|    approx_kl            | 0.031456016 |
|    clip_fraction        | 0.322       |
|    clip_range           | 0.2         |
|    entropy_loss         | -4.15       |
|    explained_variance   | 0.424       |
|    learning_rate        | 0.0002      |
|    loss                 | -0.122      |
|    n_updates            | 100         |
|    policy_gradient_loss | -0.0557     |
|    value_loss           | 0.158       |
-----------------------------------------
2026-04-24 19:35:46,506 [INFO] DGRL-v9: [AdaptivePenalty] step=61,440 | viol_rate=0.000 (target=0.03) | λ: -47.4 → -47.1
-----------------------------------------
| rollout/                |             |
|    ep_len_mean          | 100         |
|    ep_rew_mean          | 1.02e+04    |
| time/                   |             |
|    fps                  | 82          |
|    iterations           | 12          |
|    time_elapsed         | 743         |
|    total_timesteps      | 61440       |
| train/                  |             |
|    approx_kl            | 0.030192321 |
|    clip_fraction        | 0.316       |
|    clip_range           | 0.2         |
|    entropy_loss         | -4.12       |
|    explained_variance   | 0.433       |
|    learning_rate        | 0.0002      |
|    loss                 | -0.1        |
|    n_updates            | 110         |
|    policy_gradient_loss | -0.054      |
|    value_loss           | 0.167       |
-----------------------------------------
2026-04-24 19:36:48,327 [INFO] DGRL-v9: [AdaptivePenalty] step=66,560 | viol_rate=0.000 (target=0.03) | λ: -47.1 → -46.9
-----------------------------------------
| rollout/                |             |
|    ep_len_mean          | 100         |
|    ep_rew_mean          | 1.02e+04    |
| time/                   |             |
|    fps                  | 82          |
|    iterations           | 13          |
|    time_elapsed         | 805         |
|    total_timesteps      | 66560       |
| train/                  |             |
|    approx_kl            | 0.033741526 |
|    clip_fraction        | 0.348       |
|    clip_range           | 0.2         |
|    entropy_loss         | -4.12       |
|    explained_variance   | 0.455       |
|    learning_rate        | 0.0002      |
|    loss                 | -0.122      |
|    n_updates            | 120         |
|    policy_gradient_loss | -0.0565     |
|    value_loss           | 0.158       |
-----------------------------------------
2026-04-24 19:37:48,036 [INFO] DGRL-v9: [AdaptivePenalty] step=71,680 | viol_rate=0.000 (target=0.03) | λ: -46.9 → -46.6
-----------------------------------------
| rollout/                |             |
|    ep_len_mean          | 100         |
|    ep_rew_mean          | 1.02e+04    |
| time/                   |             |
|    fps                  | 82          |
|    iterations           | 14          |
|    time_elapsed         | 864         |
|    total_timesteps      | 71680       |
| train/                  |             |
|    approx_kl            | 0.035531275 |
|    clip_fraction        | 0.348       |
|    clip_range           | 0.2         |
|    entropy_loss         | -4.08       |
|    explained_variance   | 0.429       |
|    learning_rate        | 0.0002      |
|    loss                 | -0.118      |
|    n_updates            | 130         |
|    policy_gradient_loss | -0.0571     |
|    value_loss           | 0.164       |
-----------------------------------------
2026-04-24 19:38:51,112 [INFO] DGRL-v9: [AdaptivePenalty] step=76,800 | viol_rate=0.000 (target=0.03) | λ: -46.6 → -46.4
-----------------------------------------
| rollout/                |             |
|    ep_len_mean          | 100         |
|    ep_rew_mean          | 1.02e+04    |
| time/                   |             |
|    fps                  | 82          |
|    iterations           | 15          |
|    time_elapsed         | 927         |
|    total_timesteps      | 76800       |
| train/                  |             |
|    approx_kl            | 0.035717953 |
|    clip_fraction        | 0.361       |
|    clip_range           | 0.2         |
|    entropy_loss         | -4.07       |
|    explained_variance   | 0.482       |
|    learning_rate        | 0.0002      |
|    loss                 | -0.116      |
|    n_updates            | 140         |
|    policy_gradient_loss | -0.0581     |
|    value_loss           | 0.15        |
-----------------------------------------
Eval num_timesteps=80000, episode_reward=9684.71 +/- 219.95
Episode length: 100.00 +/- 0.00
-----------------------------------------
| eval/                   |             |
|    mean_ep_length       | 100         |
|    mean_reward          | 9.68e+03    |
| time/                   |             |
|    total_timesteps      | 80000       |
| train/                  |             |
|    approx_kl            | 0.035920978 |
|    clip_fraction        | 0.368       |
|    clip_range           | 0.2         |
|    entropy_loss         | -4.07       |
|    explained_variance   | 0.423       |
|    learning_rate        | 0.0002      |
|    loss                 | -0.105      |
|    n_updates            | 150         |
|    policy_gradient_loss | -0.056      |
|    value_loss           | 0.163       |
-----------------------------------------
2026-04-24 19:40:42,666 [INFO] DGRL-v9: [AdaptivePenalty] step=81,920 | viol_rate=0.000 (target=0.03) | λ: -46.4 → -46.2
New best mean reward!
---------------------------------
| rollout/           |          |
|    ep_len_mean     | 100      |
|    ep_rew_mean     | 1.02e+04 |
| time/              |          |
|    fps             | 78       |
|    iterations      | 16       |
|    time_elapsed    | 1039     |
|    total_timesteps | 81920    |
---------------------------------
2026-04-24 19:42:07,985 [INFO] DGRL-v9: [AdaptivePenalty] step=87,040 | viol_rate=0.000 (target=0.03) | λ: -46.2 → -45.9
----------------------------------------
| rollout/                |            |
|    ep_len_mean          | 100        |
|    ep_rew_mean          | 1.02e+04   |
| time/                   |            |
|    fps                  | 77         |
|    iterations           | 17         |
|    time_elapsed         | 1124       |
|    total_timesteps      | 87040      |
| train/                  |            |
|    approx_kl            | 0.04340654 |
|    clip_fraction        | 0.393      |
|    clip_range           | 0.2        |
|    entropy_loss         | -4.07      |
|    explained_variance   | 0.503      |
|    learning_rate        | 0.0002     |
|    loss                 | -0.132     |
|    n_updates            | 160        |
|    policy_gradient_loss | -0.0614    |
|    value_loss           | 0.149      |
----------------------------------------
2026-04-24 19:43:19,445 [INFO] DGRL-v9: [AdaptivePenalty] step=92,160 | viol_rate=0.000 (target=0.03) | λ: -45.9 → -45.7
----------------------------------------
| rollout/                |            |
|    ep_len_mean          | 100        |
|    ep_rew_mean          | 1.02e+04   |
| time/                   |            |
|    fps                  | 77         |
|    iterations           | 18         |
|    time_elapsed         | 1196       |
|    total_timesteps      | 92160      |
| train/                  |            |
|    approx_kl            | 0.03953553 |
|    clip_fraction        | 0.388      |
|    clip_range           | 0.2        |
|    entropy_loss         | -4.06      |
|    explained_variance   | 0.51       |
|    learning_rate        | 0.0002     |
|    loss                 | -0.13      |
|    n_updates            | 170        |
|    policy_gradient_loss | -0.0569    |
|    value_loss           | 0.159      |
----------------------------------------
2026-04-24 19:44:33,413 [INFO] DGRL-v9: [AdaptivePenalty] step=97,280 | viol_rate=0.000 (target=0.03) | λ: -45.7 → -45.4
-----------------------------------------
| rollout/                |             |
|    ep_len_mean          | 100         |
|    ep_rew_mean          | 1.02e+04    |
| time/                   |             |
|    fps                  | 76          |
|    iterations           | 19          |
|    time_elapsed         | 1270        |
|    total_timesteps      | 97280       |
| train/                  |             |
|    approx_kl            | 0.042656116 |
|    clip_fraction        | 0.399       |
|    clip_range           | 0.2         |
|    entropy_loss         | -4.04       |
|    explained_variance   | 0.577       |
|    learning_rate        | 0.0002      |
|    loss                 | -0.12       |
|    n_updates            | 180         |
|    policy_gradient_loss | -0.0601     |
|    value_loss           | 0.148       |
-----------------------------------------
2026-04-24 19:45:40,863 [INFO] DGRL-v9: [AdaptivePenalty] step=102,400 | viol_rate=0.000 (target=0.03) | λ: -45.4 → -45.2
----------------------------------------
| rollout/                |            |
|    ep_len_mean          | 100        |
|    ep_rew_mean          | 1.02e+04   |
| time/                   |            |
|    fps                  | 76         |
|    iterations           | 20         |
|    time_elapsed         | 1337       |
|    total_timesteps      | 102400     |
| train/                  |            |
|    approx_kl            | 0.04481403 |
|    clip_fraction        | 0.408      |
|    clip_range           | 0.2        |
|    entropy_loss         | -4.04      |
|    explained_variance   | 0.555      |
|    learning_rate        | 0.0002     |
|    loss                 | -0.138     |
|    n_updates            | 190        |
|    policy_gradient_loss | -0.0587    |
|    value_loss           | 0.142      |
----------------------------------------
2026-04-24 19:46:50,501 [INFO] DGRL-v9: [AdaptivePenalty] step=107,520 | viol_rate=0.000 (target=0.03) | λ: -45.2 → -45.0
-----------------------------------------
| rollout/                |             |
|    ep_len_mean          | 100         |
|    ep_rew_mean          | 1.02e+04    |
| time/                   |             |
|    fps                  | 76          |
|    iterations           | 21          |
|    time_elapsed         | 1407        |
|    total_timesteps      | 107520      |
| train/                  |             |
|    approx_kl            | 0.044141173 |
|    clip_fraction        | 0.403       |
|    clip_range           | 0.2         |
|    entropy_loss         | -4.03       |
|    explained_variance   | 0.504       |
|    learning_rate        | 0.0002      |
|    loss                 | -0.124      |
|    n_updates            | 200         |
|    policy_gradient_loss | -0.0556     |
|    value_loss           | 0.154       |
-----------------------------------------
2026-04-24 19:47:50,235 [INFO] DGRL-v9: [AdaptivePenalty] step=112,640 | viol_rate=0.000 (target=0.03) | λ: -45.0 → -44.7
-----------------------------------------
| rollout/                |             |
|    ep_len_mean          | 100         |
|    ep_rew_mean          | 1.02e+04    |
| time/                   |             |
|    fps                  | 76          |
|    iterations           | 22          |
|    time_elapsed         | 1466        |
|    total_timesteps      | 112640      |
| train/                  |             |
|    approx_kl            | 0.044307232 |
|    clip_fraction        | 0.404       |
|    clip_range           | 0.2         |
|    entropy_loss         | -4.01       |
|    explained_variance   | 0.582       |
|    learning_rate        | 0.0002      |
|    loss                 | -0.139      |
|    n_updates            | 210         |
|    policy_gradient_loss | -0.0588     |
|    value_loss           | 0.129       |
-----------------------------------------
2026-04-24 19:48:52,271 [INFO] DGRL-v9: [AdaptivePenalty] step=117,760 | viol_rate=0.000 (target=0.03) | λ: -44.7 → -44.5
---------------------------------------
| rollout/                |           |
|    ep_len_mean          | 100       |
|    ep_rew_mean          | 1.02e+04  |
| time/                   |           |
|    fps                  | 77        |
|    iterations           | 23        |
|    time_elapsed         | 1528      |
|    total_timesteps      | 117760    |
| train/                  |           |
|    approx_kl            | 0.0450078 |
|    clip_fraction        | 0.41      |
|    clip_range           | 0.2       |
|    entropy_loss         | -4        |
|    explained_variance   | 0.584     |
|    learning_rate        | 0.0002    |
|    loss                 | -0.132    |
|    n_updates            | 220       |
|    policy_gradient_loss | -0.0586   |
|    value_loss           | 0.133     |
---------------------------------------
Eval num_timesteps=120000, episode_reward=9767.25 +/- 276.98
Episode length: 100.00 +/- 0.00
----------------------------------------
| eval/                   |            |
|    mean_ep_length       | 100        |
|    mean_reward          | 9.77e+03   |
| time/                   |            |
|    total_timesteps      | 120000     |
| train/                  |            |
|    approx_kl            | 0.04603562 |
|    clip_fraction        | 0.419      |
|    clip_range           | 0.2        |
|    entropy_loss         | -4         |
|    explained_variance   | 0.594      |
|    learning_rate        | 0.0002     |
|    loss                 | -0.117     |
|    n_updates            | 230        |
|    policy_gradient_loss | -0.056     |
|    value_loss           | 0.136      |
----------------------------------------
2026-04-24 19:50:31,325 [INFO] DGRL-v9: [AdaptivePenalty] step=122,880 | viol_rate=0.000 (target=0.03) | λ: -44.5 → -44.2
New best mean reward!
---------------------------------
| rollout/           |          |
|    ep_len_mean     | 100      |
|    ep_rew_mean     | 1.02e+04 |
| time/              |          |
|    fps             | 75       |
|    iterations      | 24       |
|    time_elapsed    | 1628     |
|    total_timesteps | 122880   |
---------------------------------
2026-04-24 19:51:33,506 [INFO] DGRL-v9: [AdaptivePenalty] step=128,000 | viol_rate=0.000 (target=0.03) | λ: -44.2 → -44.0
-----------------------------------------
| rollout/                |             |
|    ep_len_mean          | 100         |
|    ep_rew_mean          | 1.02e+04    |
| time/                   |             |
|    fps                  | 75          |
|    iterations           | 25          |
|    time_elapsed         | 1690        |
|    total_timesteps      | 128000      |
| train/                  |             |
|    approx_kl            | 0.049079996 |
|    clip_fraction        | 0.421       |
|    clip_range           | 0.2         |
|    entropy_loss         | -3.98       |
|    explained_variance   | 0.619       |
|    learning_rate        | 0.0002      |
|    loss                 | -0.127      |
|    n_updates            | 240         |
|    policy_gradient_loss | -0.0598     |
|    value_loss           | 0.139       |
-----------------------------------------
2026-04-24 19:52:34,917 [INFO] DGRL-v9: [AdaptivePenalty] step=133,120 | viol_rate=0.000 (target=0.03) | λ: -44.0 → -43.8
-----------------------------------------
| rollout/                |             |
|    ep_len_mean          | 100         |
|    ep_rew_mean          | 1.02e+04    |
| time/                   |             |
|    fps                  | 75          |
|    iterations           | 26          |
|    time_elapsed         | 1751        |
|    total_timesteps      | 133120      |
| train/                  |             |
|    approx_kl            | 0.049335472 |
|    clip_fraction        | 0.417       |
|    clip_range           | 0.2         |
|    entropy_loss         | -4          |
|    explained_variance   | 0.618       |
|    learning_rate        | 0.0002      |
|    loss                 | -0.118      |
|    n_updates            | 250         |
|    policy_gradient_loss | -0.0548     |
|    value_loss           | 0.14        |
-----------------------------------------
2026-04-24 19:53:38,230 [INFO] DGRL-v9: [AdaptivePenalty] step=138,240 | viol_rate=0.000 (target=0.03) | λ: -43.8 → -43.5
----------------------------------------
| rollout/                |            |
|    ep_len_mean          | 100        |
|    ep_rew_mean          | 1.02e+04   |
| time/                   |            |
|    fps                  | 76         |
|    iterations           | 27         |
|    time_elapsed         | 1814       |
|    total_timesteps      | 138240     |
| train/                  |            |
|    approx_kl            | 0.04752236 |
|    clip_fraction        | 0.417      |
|    clip_range           | 0.2        |
|    entropy_loss         | -3.98      |
|    explained_variance   | 0.65       |
|    learning_rate        | 0.0002     |
|    loss                 | -0.112     |
|    n_updates            | 260        |
|    policy_gradient_loss | -0.058     |
|    value_loss           | 0.131      |
----------------------------------------
2026-04-24 19:54:40,403 [INFO] DGRL-v9: [AdaptivePenalty] step=143,360 | viol_rate=0.000 (target=0.03) | λ: -43.5 → -43.3
-----------------------------------------
| rollout/                |             |
|    ep_len_mean          | 100         |
|    ep_rew_mean          | 1.01e+04    |
| time/                   |             |
|    fps                  | 76          |
|    iterations           | 28          |
|    time_elapsed         | 1877        |
|    total_timesteps      | 143360      |
| train/                  |             |
|    approx_kl            | 0.048122883 |
|    clip_fraction        | 0.41        |
|    clip_range           | 0.2         |
|    entropy_loss         | -4          |
|    explained_variance   | 0.646       |
|    learning_rate        | 0.0002      |
|    loss                 | -0.111      |
|    n_updates            | 270         |
|    policy_gradient_loss | -0.0582     |
|    value_loss           | 0.131       |
-----------------------------------------
2026-04-24 19:55:44,233 [INFO] DGRL-v9: [AdaptivePenalty] step=148,480 | viol_rate=0.000 (target=0.03) | λ: -43.3 → -43.0
----------------------------------------
| rollout/                |            |
|    ep_len_mean          | 100        |
|    ep_rew_mean          | 1.02e+04   |
| time/                   |            |
|    fps                  | 76         |
|    iterations           | 29         |
|    time_elapsed         | 1940       |
|    total_timesteps      | 148480     |
| train/                  |            |
|    approx_kl            | 0.04854544 |
|    clip_fraction        | 0.418      |
|    clip_range           | 0.2        |
|    entropy_loss         | -4         |
|    explained_variance   | 0.638      |
|    learning_rate        | 0.0002     |
|    loss                 | -0.102     |
|    n_updates            | 280        |
|    policy_gradient_loss | -0.0554    |
|    value_loss           | 0.14       |
----------------------------------------
2026-04-24 19:56:47,094 [INFO] DGRL-v9: [AdaptivePenalty] step=153,600 | viol_rate=0.000 (target=0.03) | λ: -43.0 → -42.8
----------------------------------------
| rollout/                |            |
|    ep_len_mean          | 100        |
|    ep_rew_mean          | 1.02e+04   |
| time/                   |            |
|    fps                  | 76         |
|    iterations           | 30         |
|    time_elapsed         | 2003       |
|    total_timesteps      | 153600     |
| train/                  |            |
|    approx_kl            | 0.05219056 |
|    clip_fraction        | 0.426      |
|    clip_range           | 0.2        |
|    entropy_loss         | -3.97      |
|    explained_variance   | 0.647      |
|    learning_rate        | 0.0002     |
|    loss                 | -0.136     |
|    n_updates            | 290        |
|    policy_gradient_loss | -0.0592    |
|    value_loss           | 0.122      |
----------------------------------------
2026-04-24 19:57:55,508 [INFO] DGRL-v9: [AdaptivePenalty] step=158,720 | viol_rate=0.000 (target=0.03) | λ: -42.8 → -42.6
-----------------------------------------
| rollout/                |             |
|    ep_len_mean          | 100         |
|    ep_rew_mean          | 1.02e+04    |
| time/                   |             |
|    fps                  | 76          |
|    iterations           | 31          |
|    time_elapsed         | 2072        |
|    total_timesteps      | 158720      |
| train/                  |             |
|    approx_kl            | 0.052740086 |
|    clip_fraction        | 0.437       |
|    clip_range           | 0.2         |
|    entropy_loss         | -3.96       |
|    explained_variance   | 0.658       |
|    learning_rate        | 0.0002      |
|    loss                 | -0.138      |
|    n_updates            | 300         |
|    policy_gradient_loss | -0.0612     |
|    value_loss           | 0.118       |
-----------------------------------------
Eval num_timesteps=160000, episode_reward=9671.97 +/- 272.73
Episode length: 100.00 +/- 0.00
-----------------------------------------
| eval/                   |             |
|    mean_ep_length       | 100         |
|    mean_reward          | 9.67e+03    |
| time/                   |             |
|    total_timesteps      | 160000      |
| train/                  |             |
|    approx_kl            | 0.052104652 |
|    clip_fraction        | 0.438       |
|    clip_range           | 0.2         |
|    entropy_loss         | -3.97       |
|    explained_variance   | 0.67        |
|    learning_rate        | 0.0002      |
|    loss                 | -0.128      |
|    n_updates            | 310         |
|    policy_gradient_loss | -0.0589     |
|    value_loss           | 0.122       |
-----------------------------------------
2026-04-24 19:59:31,867 [INFO] DGRL-v9: [AdaptivePenalty] step=163,840 | viol_rate=0.000 (target=0.03) | λ: -42.6 → -42.3
---------------------------------
| rollout/           |          |
|    ep_len_mean     | 100      |
|    ep_rew_mean     | 1.02e+04 |
| time/              |          |
|    fps             | 75       |
|    iterations      | 32       |
|    time_elapsed    | 2168     |
|    total_timesteps | 163840   |
---------------------------------
2026-04-24 20:00:35,734 [INFO] DGRL-v9: [AdaptivePenalty] step=168,960 | viol_rate=0.000 (target=0.03) | λ: -42.3 → -42.1
----------------------------------------
| rollout/                |            |
|    ep_len_mean          | 100        |
|    ep_rew_mean          | 1.02e+04   |
| time/                   |            |
|    fps                  | 75         |
|    iterations           | 33         |
|    time_elapsed         | 2232       |
|    total_timesteps      | 168960     |
| train/                  |            |
|    approx_kl            | 0.05281813 |
|    clip_fraction        | 0.425      |
|    clip_range           | 0.2        |
|    entropy_loss         | -3.97      |
|    explained_variance   | 0.668      |
|    learning_rate        | 0.0002     |
|    loss                 | -0.115     |
|    n_updates            | 320        |
|    policy_gradient_loss | -0.0575    |
|    value_loss           | 0.132      |
----------------------------------------
2026-04-24 20:01:44,478 [INFO] DGRL-v9: [AdaptivePenalty] step=174,080 | viol_rate=0.000 (target=0.03) | λ: -42.1 → -41.8
-----------------------------------------
| rollout/                |             |
|    ep_len_mean          | 100         |
|    ep_rew_mean          | 1.02e+04    |
| time/                   |             |
|    fps                  | 75          |
|    iterations           | 34          |
|    time_elapsed         | 2301        |
|    total_timesteps      | 174080      |
| train/                  |             |
|    approx_kl            | 0.055042285 |
|    clip_fraction        | 0.452       |
|    clip_range           | 0.2         |
|    entropy_loss         | -3.96       |
|    explained_variance   | 0.663       |
|    learning_rate        | 0.0002      |
|    loss                 | -0.13       |
|    n_updates            | 330         |
|    policy_gradient_loss | -0.0571     |
|    value_loss           | 0.122       |
-----------------------------------------
2026-04-24 20:02:53,266 [INFO] DGRL-v9: [AdaptivePenalty] step=179,200 | viol_rate=0.000 (target=0.03) | λ: -41.8 → -41.6
----------------------------------------
| rollout/                |            |
|    ep_len_mean          | 100        |
|    ep_rew_mean          | 1.02e+04   |
| time/                   |            |
|    fps                  | 75         |
|    iterations           | 35         |
|    time_elapsed         | 2369       |
|    total_timesteps      | 179200     |
| train/                  |            |
|    approx_kl            | 0.06236559 |
|    clip_fraction        | 0.465      |
|    clip_range           | 0.2        |
|    entropy_loss         | -3.94      |
|    explained_variance   | 0.675      |
|    learning_rate        | 0.0002     |
|    loss                 | -0.123     |
|    n_updates            | 340        |
|    policy_gradient_loss | -0.0601    |
|    value_loss           | 0.116      |
----------------------------------------
2026-04-24 20:04:58,533 [INFO] DGRL-v9: [AdaptivePenalty] step=184,320 | viol_rate=0.000 (target=0.03) | λ: -41.6 → -41.4
----------------------------------------
| rollout/                |            |
|    ep_len_mean          | 100        |
|    ep_rew_mean          | 1.02e+04   |
| time/                   |            |
|    fps                  | 73         |
|    iterations           | 36         |
|    time_elapsed         | 2495       |
|    total_timesteps      | 184320     |
| train/                  |            |
|    approx_kl            | 0.05749444 |
|    clip_fraction        | 0.452      |
|    clip_range           | 0.2        |
|    entropy_loss         | -3.93      |
|    explained_variance   | 0.705      |
|    learning_rate        | 0.0002     |
|    loss                 | -0.123     |
|    n_updates            | 350        |
|    policy_gradient_loss | -0.0583    |
|    value_loss           | 0.112      |
----------------------------------------
2026-04-24 20:06:18,906 [INFO] DGRL-v9: [AdaptivePenalty] step=189,440 | viol_rate=0.000 (target=0.03) | λ: -41.4 → -41.1
----------------------------------------
| rollout/                |            |
|    ep_len_mean          | 100        |
|    ep_rew_mean          | 1.02e+04   |
| time/                   |            |
|    fps                  | 73         |
|    iterations           | 37         |
|    time_elapsed         | 2575       |
|    total_timesteps      | 189440     |
| train/                  |            |
|    approx_kl            | 0.05756574 |
|    clip_fraction        | 0.457      |
|    clip_range           | 0.2        |
|    entropy_loss         | -3.92      |
|    explained_variance   | 0.679      |
|    learning_rate        | 0.0002     |
|    loss                 | -0.0993    |
|    n_updates            | 360        |
|    policy_gradient_loss | -0.0561    |
|    value_loss           | 0.124      |
----------------------------------------
2026-04-24 20:07:32,034 [INFO] DGRL-v9: [AdaptivePenalty] step=194,560 | viol_rate=0.000 (target=0.03) | λ: -41.1 → -40.9
----------------------------------------
| rollout/                |            |
|    ep_len_mean          | 100        |
|    ep_rew_mean          | 1.02e+04   |
| time/                   |            |
|    fps                  | 73         |
|    iterations           | 38         |
|    time_elapsed         | 2648       |
|    total_timesteps      | 194560     |
| train/                  |            |
|    approx_kl            | 0.05977434 |
|    clip_fraction        | 0.457      |
|    clip_range           | 0.2        |
|    entropy_loss         | -3.93      |
|    explained_variance   | 0.684      |
|    learning_rate        | 0.0002     |
|    loss                 | -0.125     |
|    n_updates            | 370        |
|    policy_gradient_loss | -0.0575    |
|    value_loss           | 0.115      |
----------------------------------------
2026-04-24 20:08:50,126 [INFO] DGRL-v9: [AdaptivePenalty] step=199,680 | viol_rate=0.000 (target=0.03) | λ: -40.9 → -40.6
-----------------------------------------
| rollout/                |             |
|    ep_len_mean          | 100         |
|    ep_rew_mean          | 1.02e+04    |
| time/                   |             |
|    fps                  | 73          |
|    iterations           | 39          |
|    time_elapsed         | 2726        |
|    total_timesteps      | 199680      |
| train/                  |             |
|    approx_kl            | 0.058799587 |
|    clip_fraction        | 0.455       |
|    clip_range           | 0.2         |
|    entropy_loss         | -3.91       |
|    explained_variance   | 0.735       |
|    learning_rate        | 0.0002      |
|    loss                 | -0.13       |
|    n_updates            | 380         |
|    policy_gradient_loss | -0.0584     |
|    value_loss           | 0.11        |
-----------------------------------------
Eval num_timesteps=200000, episode_reward=9585.17 +/- 230.43
Episode length: 100.00 +/- 0.00
-----------------------------------------
| eval/                   |             |
|    mean_ep_length       | 100         |
|    mean_reward          | 9.59e+03    |
| time/                   |             |
|    total_timesteps      | 200000      |
| train/                  |             |
|    approx_kl            | 0.058970023 |
|    clip_fraction        | 0.468       |
|    clip_range           | 0.2         |
|    entropy_loss         | -3.88       |
|    explained_variance   | 0.69        |
|    learning_rate        | 0.0002      |
|    loss                 | -0.125      |
|    n_updates            | 390         |
|    policy_gradient_loss | -0.0581     |
|    value_loss           | 0.12        |
-----------------------------------------
2026-04-24 20:10:23,953 [INFO] DGRL-v9: [AdaptivePenalty] step=204,800 | viol_rate=0.000 (target=0.03) | λ: -40.6 → -40.4
---------------------------------
| rollout/           |          |
|    ep_len_mean     | 100      |
|    ep_rew_mean     | 1.02e+04 |
| time/              |          |
|    fps             | 72       |
|    iterations      | 40       |
|    time_elapsed    | 2820     |
|    total_timesteps | 204800   |
---------------------------------
2026-04-24 20:11:33,213 [INFO] DGRL-v9: [AdaptivePenalty] step=209,920 | viol_rate=0.000 (target=0.03) | λ: -40.4 → -40.2
----------------------------------------
| rollout/                |            |
|    ep_len_mean          | 100        |
|    ep_rew_mean          | 1.02e+04   |
| time/                   |            |
|    fps                  | 72         |
|    iterations           | 41         |
|    time_elapsed         | 2889       |
|    total_timesteps      | 209920     |
| train/                  |            |
|    approx_kl            | 0.06032034 |
|    clip_fraction        | 0.458      |
|    clip_range           | 0.2        |
|    entropy_loss         | -3.88      |
|    explained_variance   | 0.717      |
|    learning_rate        | 0.0002     |
|    loss                 | -0.101     |
|    n_updates            | 400        |
|    policy_gradient_loss | -0.0576    |
|    value_loss           | 0.115      |
----------------------------------------
2026-04-24 20:12:57,277 [INFO] DGRL-v9: [AdaptivePenalty] step=215,040 | viol_rate=0.000 (target=0.03) | λ: -40.2 → -39.9
---------------------------------------
| rollout/                |           |
|    ep_len_mean          | 100       |
|    ep_rew_mean          | 1.02e+04  |
| time/                   |           |
|    fps                  | 72        |
|    iterations           | 42        |
|    time_elapsed         | 2973      |
|    total_timesteps      | 215040    |
| train/                  |           |
|    approx_kl            | 0.0600015 |
|    clip_fraction        | 0.466     |
|    clip_range           | 0.2       |
|    entropy_loss         | -3.88     |
|    explained_variance   | 0.728     |
|    learning_rate        | 0.0002    |
|    loss                 | -0.123    |
|    n_updates            | 410       |
|    policy_gradient_loss | -0.0569   |
|    value_loss           | 0.114     |
---------------------------------------
2026-04-24 20:14:08,317 [INFO] DGRL-v9: [AdaptivePenalty] step=220,160 | viol_rate=0.000 (target=0.03) | λ: -39.9 → -39.7
-----------------------------------------
| rollout/                |             |
|    ep_len_mean          | 100         |
|    ep_rew_mean          | 1.02e+04    |
| time/                   |             |
|    fps                  | 72          |
|    iterations           | 43          |
|    time_elapsed         | 3045        |
|    total_timesteps      | 220160      |
| train/                  |             |
|    approx_kl            | 0.062316142 |
|    clip_fraction        | 0.461       |
|    clip_range           | 0.2         |
|    entropy_loss         | -3.89       |
|    explained_variance   | 0.78        |
|    learning_rate        | 0.0002      |
|    loss                 | -0.126      |
|    n_updates            | 420         |
|    policy_gradient_loss | -0.0574     |
|    value_loss           | 0.105       |
-----------------------------------------
2026-04-24 20:15:11,506 [INFO] DGRL-v9: [AdaptivePenalty] step=225,280 | viol_rate=0.000 (target=0.03) | λ: -39.7 → -39.4
-----------------------------------------
| rollout/                |             |
|    ep_len_mean          | 100         |
|    ep_rew_mean          | 1.02e+04    |
| time/                   |             |
|    fps                  | 72          |
|    iterations           | 44          |
|    time_elapsed         | 3108        |
|    total_timesteps      | 225280      |
| train/                  |             |
|    approx_kl            | 0.059764337 |
|    clip_fraction        | 0.472       |
|    clip_range           | 0.2         |
|    entropy_loss         | -3.86       |
|    explained_variance   | 0.714       |
|    learning_rate        | 0.0002      |
|    loss                 | -0.124      |
|    n_updates            | 430         |
|    policy_gradient_loss | -0.0568     |
|    value_loss           | 0.116       |
-----------------------------------------
2026-04-24 20:16:12,949 [INFO] DGRL-v9: [AdaptivePenalty] step=230,400 | viol_rate=0.000 (target=0.03) | λ: -39.4 → -39.2
----------------------------------------
| rollout/                |            |
|    ep_len_mean          | 100        |
|    ep_rew_mean          | 1.02e+04   |
| time/                   |            |
|    fps                  | 72         |
|    iterations           | 45         |
|    time_elapsed         | 3169       |
|    total_timesteps      | 230400     |
| train/                  |            |
|    approx_kl            | 0.06199742 |
|    clip_fraction        | 0.475      |
|    clip_range           | 0.2        |
|    entropy_loss         | -3.86      |
|    explained_variance   | 0.748      |
|    learning_rate        | 0.0002     |
|    loss                 | -0.112     |
|    n_updates            | 440        |
|    policy_gradient_loss | -0.0577    |
|    value_loss           | 0.106      |
----------------------------------------
2026-04-24 20:17:16,384 [INFO] DGRL-v9: [AdaptivePenalty] step=235,520 | viol_rate=0.000 (target=0.03) | λ: -39.2 → -39.0
----------------------------------------
| rollout/                |            |
|    ep_len_mean          | 100        |
|    ep_rew_mean          | 1.02e+04   |
| time/                   |            |
|    fps                  | 72         |
|    iterations           | 46         |
|    time_elapsed         | 3233       |
|    total_timesteps      | 235520     |
| train/                  |            |
|    approx_kl            | 0.06655614 |
|    clip_fraction        | 0.474      |
|    clip_range           | 0.2        |
|    entropy_loss         | -3.86      |
|    explained_variance   | 0.763      |
|    learning_rate        | 0.0002     |
|    loss                 | -0.135     |
|    n_updates            | 450        |
|    policy_gradient_loss | -0.06      |
|    value_loss           | 0.0936     |
----------------------------------------
Eval num_timesteps=240000, episode_reward=9882.52 +/- 274.70
Episode length: 100.00 +/- 0.00
----------------------------------------
| eval/                   |            |
|    mean_ep_length       | 100        |
|    mean_reward          | 9.88e+03   |
| time/                   |            |
|    total_timesteps      | 240000     |
| train/                  |            |
|    approx_kl            | 0.06645475 |
|    clip_fraction        | 0.459      |
|    clip_range           | 0.2        |
|    entropy_loss         | -3.84      |
|    explained_variance   | 0.768      |
|    learning_rate        | 0.0002     |
|    loss                 | -0.124     |
|    n_updates            | 460        |
|    policy_gradient_loss | -0.0554    |
|    value_loss           | 0.101      |
----------------------------------------
2026-04-24 20:18:59,512 [INFO] DGRL-v9: [AdaptivePenalty] step=240,640 | viol_rate=0.000 (target=0.03) | λ: -39.0 → -38.7
New best mean reward!
---------------------------------
| rollout/           |          |
|    ep_len_mean     | 100      |
|    ep_rew_mean     | 1.02e+04 |
| time/              |          |
|    fps             | 72       |
|    iterations      | 47       |
|    time_elapsed    | 3336     |
|    total_timesteps | 240640   |
---------------------------------
2026-04-24 20:20:08,820 [INFO] DGRL-v9: [AdaptivePenalty] step=245,760 | viol_rate=0.000 (target=0.03) | λ: -38.7 → -38.5
----------------------------------------
| rollout/                |            |
|    ep_len_mean          | 100        |
|    ep_rew_mean          | 1.02e+04   |
| time/                   |            |
|    fps                  | 72         |
|    iterations           | 48         |
|    time_elapsed         | 3405       |
|    total_timesteps      | 245760     |
| train/                  |            |
|    approx_kl            | 0.06652319 |
|    clip_fraction        | 0.477      |
|    clip_range           | 0.2        |
|    entropy_loss         | -3.85      |
|    explained_variance   | 0.768      |
|    learning_rate        | 0.0002     |
|    loss                 | -0.0932    |
|    n_updates            | 470        |
|    policy_gradient_loss | -0.0551    |
|    value_loss           | 0.11       |
----------------------------------------
2026-04-24 20:21:25,360 [INFO] DGRL-v9: [AdaptivePenalty] step=250,880 | viol_rate=0.000 (target=0.03) | λ: -38.5 → -38.2
-----------------------------------------
| rollout/                |             |
|    ep_len_mean          | 100         |
|    ep_rew_mean          | 1.02e+04    |
| time/                   |             |
|    fps                  | 72          |
|    iterations           | 49          |
|    time_elapsed         | 3482        |
|    total_timesteps      | 250880      |
| train/                  |             |
|    approx_kl            | 0.064953096 |
|    clip_fraction        | 0.477       |
|    clip_range           | 0.2         |
|    entropy_loss         | -3.88       |
|    explained_variance   | 0.772       |
|    learning_rate        | 0.0002      |
|    loss                 | -0.113      |
|    n_updates            | 480         |
|    policy_gradient_loss | -0.0529     |
|    value_loss           | 0.111       |
-----------------------------------------
2026-04-24 20:22:34,127 [INFO] DGRL-v9: [AdaptivePenalty] step=256,000 | viol_rate=0.000 (target=0.03) | λ: -38.2 → -38.0
----------------------------------------
| rollout/                |            |
|    ep_len_mean          | 100        |
|    ep_rew_mean          | 1.02e+04   |
| time/                   |            |
|    fps                  | 72         |
|    iterations           | 50         |
|    time_elapsed         | 3550       |
|    total_timesteps      | 256000     |
| train/                  |            |
|    approx_kl            | 0.06279545 |
|    clip_fraction        | 0.464      |
|    clip_range           | 0.2        |
|    entropy_loss         | -3.86      |
|    explained_variance   | 0.762      |
|    learning_rate        | 0.0002     |
|    loss                 | -0.115     |
|    n_updates            | 490        |
|    policy_gradient_loss | -0.053     |
|    value_loss           | 0.113      |
----------------------------------------
2026-04-24 20:23:43,301 [INFO] DGRL-v9: [AdaptivePenalty] step=261,120 | viol_rate=0.000 (target=0.03) | λ: -38.0 → -37.8
-----------------------------------------
| rollout/                |             |
|    ep_len_mean          | 100         |
|    ep_rew_mean          | 1.02e+04    |
| time/                   |             |
|    fps                  | 72          |
|    iterations           | 51          |
|    time_elapsed         | 3620        |
|    total_timesteps      | 261120      |
| train/                  |             |
|    approx_kl            | 0.065500215 |
|    clip_fraction        | 0.466       |
|    clip_range           | 0.2         |
|    entropy_loss         | -3.87       |
|    explained_variance   | 0.732       |
|    learning_rate        | 0.0002      |
|    loss                 | -0.106      |
|    n_updates            | 500         |
|    policy_gradient_loss | -0.0509     |
|    value_loss           | 0.124       |
-----------------------------------------
2026-04-24 20:24:51,037 [INFO] DGRL-v9: [AdaptivePenalty] step=266,240 | viol_rate=0.000 (target=0.03) | λ: -37.8 → -37.5
----------------------------------------
| rollout/                |            |
|    ep_len_mean          | 100        |
|    ep_rew_mean          | 1.02e+04   |
| time/                   |            |
|    fps                  | 72         |
|    iterations           | 52         |
|    time_elapsed         | 3687       |
|    total_timesteps      | 266240     |
| train/                  |            |
|    approx_kl            | 0.06563161 |
|    clip_fraction        | 0.473      |
|    clip_range           | 0.2        |
|    entropy_loss         | -3.86      |
|    explained_variance   | 0.771      |
|    learning_rate        | 0.0002     |
|    loss                 | -0.0896    |
|    n_updates            | 510        |
|    policy_gradient_loss | -0.053     |
|    value_loss           | 0.113      |
----------------------------------------
2026-04-24 20:25:58,426 [INFO] DGRL-v9: [AdaptivePenalty] step=271,360 | viol_rate=0.000 (target=0.03) | λ: -37.5 → -37.3
----------------------------------------
| rollout/                |            |
|    ep_len_mean          | 100        |
|    ep_rew_mean          | 1.01e+04   |
| time/                   |            |
|    fps                  | 72         |
|    iterations           | 53         |
|    time_elapsed         | 3755       |
|    total_timesteps      | 271360     |
| train/                  |            |
|    approx_kl            | 0.06580672 |
|    clip_fraction        | 0.471      |
|    clip_range           | 0.2        |
|    entropy_loss         | -3.83      |
|    explained_variance   | 0.767      |
|    learning_rate        | 0.0002     |
|    loss                 | -0.0911    |
|    n_updates            | 520        |
|    policy_gradient_loss | -0.0512    |
|    value_loss           | 0.113      |
----------------------------------------
2026-04-24 22:51:15,616 [INFO] DGRL-v9: [AdaptivePenalty] step=276,480 | viol_rate=0.000 (target=0.03) | λ: -37.3 → -37.0
----------------------------------------
| rollout/                |            |
|    ep_len_mean          | 100        |
|    ep_rew_mean          | 1.02e+04   |
| time/                   |            |
|    fps                  | 22         |
|    iterations           | 54         |
|    time_elapsed         | 12472      |
|    total_timesteps      | 276480     |
| train/                  |            |
|    approx_kl            | 0.07233858 |
|    clip_fraction        | 0.486      |
|    clip_range           | 0.2        |
|    entropy_loss         | -3.84      |
|    explained_variance   | 0.766      |
|    learning_rate        | 0.0002     |
|    loss                 | -0.106     |
|    n_updates            | 530        |
|    policy_gradient_loss | -0.0539    |
|    value_loss           | 0.107      |
----------------------------------------
Eval num_timesteps=280000, episode_reward=9548.87 +/- 288.84
Episode length: 100.00 +/- 0.00
----------------------------------------
| eval/                   |            |
|    mean_ep_length       | 100        |
|    mean_reward          | 9.55e+03   |
| time/                   |            |
|    total_timesteps      | 280000     |
| train/                  |            |
|    approx_kl            | 0.06951318 |
|    clip_fraction        | 0.485      |
|    clip_range           | 0.2        |
|    entropy_loss         | -3.81      |
|    explained_variance   | 0.766      |
|    learning_rate        | 0.0002     |
|    loss                 | -0.103     |
|    n_updates            | 540        |
|    policy_gradient_loss | -0.0528    |
|    value_loss           | 0.108      |
----------------------------------------
2026-04-24 22:52:42,614 [INFO] DGRL-v9: [AdaptivePenalty] step=281,600 | viol_rate=0.000 (target=0.03) | λ: -37.0 → -36.8
---------------------------------
| rollout/           |          |
|    ep_len_mean     | 100      |
|    ep_rew_mean     | 1.02e+04 |
| time/              |          |
|    fps             | 22       |
|    iterations      | 55       |
|    time_elapsed    | 12559    |
|    total_timesteps | 281600   |
---------------------------------
2026-04-24 22:53:45,528 [INFO] DGRL-v9: [AdaptivePenalty] step=286,720 | viol_rate=0.000 (target=0.03) | λ: -36.8 → -36.6
----------------------------------------
| rollout/                |            |
|    ep_len_mean          | 100        |
|    ep_rew_mean          | 1.02e+04   |
| time/                   |            |
|    fps                  | 22         |
|    iterations           | 56         |
|    time_elapsed         | 12622      |
|    total_timesteps      | 286720     |
| train/                  |            |
|    approx_kl            | 0.07460934 |
|    clip_fraction        | 0.497      |
|    clip_range           | 0.2        |
|    entropy_loss         | -3.8       |
|    explained_variance   | 0.792      |
|    learning_rate        | 0.0002     |
|    loss                 | -0.121     |
|    n_updates            | 550        |
|    policy_gradient_loss | -0.0528    |
|    value_loss           | 0.101      |
----------------------------------------
2026-04-24 22:54:55,768 [INFO] DGRL-v9: [AdaptivePenalty] step=291,840 | viol_rate=0.000 (target=0.03) | λ: -36.6 → -36.3
----------------------------------------
| rollout/                |            |
|    ep_len_mean          | 100        |
|    ep_rew_mean          | 1.02e+04   |
| time/                   |            |
|    fps                  | 22         |
|    iterations           | 57         |
|    time_elapsed         | 12692      |
|    total_timesteps      | 291840     |
| train/                  |            |
|    approx_kl            | 0.07031904 |
|    clip_fraction        | 0.486      |
|    clip_range           | 0.2        |
|    entropy_loss         | -3.83      |
|    explained_variance   | 0.768      |
|    learning_rate        | 0.0002     |
|    loss                 | -0.0918    |
|    n_updates            | 560        |
|    policy_gradient_loss | -0.054     |
|    value_loss           | 0.104      |
----------------------------------------
2026-04-24 22:56:08,350 [INFO] DGRL-v9: [AdaptivePenalty] step=296,960 | viol_rate=0.000 (target=0.03) | λ: -36.3 → -36.1
-----------------------------------------
| rollout/                |             |
|    ep_len_mean          | 100         |
|    ep_rew_mean          | 1.02e+04    |
| time/                   |             |
|    fps                  | 23          |
|    iterations           | 58          |
|    time_elapsed         | 12765       |
|    total_timesteps      | 296960      |
| train/                  |             |
|    approx_kl            | 0.067458175 |
|    clip_fraction        | 0.478       |
|    clip_range           | 0.2         |
|    entropy_loss         | -3.82       |
|    explained_variance   | 0.785       |
|    learning_rate        | 0.0002      |
|    loss                 | -0.11       |
|    n_updates            | 570         |
|    policy_gradient_loss | -0.0491     |
|    value_loss           | 0.107       |
-----------------------------------------
/usr/lib64/python3.14/multiprocessing/resource_tracker.py:396: UserWarning: resource_tracker: There appear to be 1 leaked semaphore objects to clean up at shutdown: {'/mp-qaj5bodh'}
  warnings.warn(
